mode: set
github.com/tflanaga/cycling-workout-editor/backend/cmd/server/main.go:22.13,33.16 9 0
github.com/tflanaga/cycling-workout-editor/backend/cmd/server/main.go:33.16,35.3 1 0
github.com/tflanaga/cycling-workout-editor/backend/cmd/server/main.go:38.2,39.16 2 0
github.com/tflanaga/cycling-workout-editor/backend/cmd/server/main.go:39.16,41.3 1 0
github.com/tflanaga/cycling-workout-editor/backend/cmd/server/main.go:42.2,44.51 2 0
github.com/tflanaga/cycling-workout-editor/backend/cmd/server/main.go:44.51,46.3 1 0
github.com/tflanaga/cycling-workout-editor/backend/cmd/server/main.go:49.2,86.37 17 0
github.com/tflanaga/cycling-workout-editor/backend/cmd/server/main.go:86.37,102.3 9 0
github.com/tflanaga/cycling-workout-editor/backend/cmd/server/main.go:105.2,107.53 3 0
github.com/tflanaga/cycling-workout-editor/backend/cmd/server/main.go:107.53,109.3 1 0
github.com/tflanaga/cycling-workout-editor/backend/cmd/server/main.go:112.50,113.34 1 0
github.com/tflanaga/cycling-workout-editor/backend/cmd/server/main.go:113.34,115.3 1 0
github.com/tflanaga/cycling-workout-editor/backend/cmd/server/main.go:116.2,116.19 1 0
github.com/tflanaga/cycling-workout-editor/backend/cmd/server/main.go:120.75,121.46 1 0
github.com/tflanaga/cycling-workout-editor/backend/cmd/server/main.go:121.46,122.72 1 0
github.com/tflanaga/cycling-workout-editor/backend/cmd/server/main.go:122.72,128.38 5 0
github.com/tflanaga/cycling-workout-editor/backend/cmd/server/main.go:128.38,131.5 2 0
github.com/tflanaga/cycling-workout-editor/backend/cmd/server/main.go:133.4,133.24 1 0
github.com/tflanaga/cycling-workout-editor/backend/cmd/server/main.go:143.94,145.2 1 0
github.com/tflanaga/cycling-workout-editor/backend/cmd/server/main.go:147.127,149.2 1 0
github.com/tflanaga/cycling-workout-editor/backend/cmd/server/main.go:151.92,153.2 1 0
github.com/tflanaga/cycling-workout-editor/backend/internal/db/db.go:12.51,14.16 2 1
github.com/tflanaga/cycling-workout-editor/backend/internal/db/db.go:14.16,16.3 1 0
github.com/tflanaga/cycling-workout-editor/backend/internal/db/db.go:19.2,24.28 2 1
github.com/tflanaga/cycling-workout-editor/backend/internal/db/db.go:24.28,25.39 1 1
github.com/tflanaga/cycling-workout-editor/backend/internal/db/db.go:25.39,28.4 2 0
github.com/tflanaga/cycling-workout-editor/backend/internal/db/db.go:31.2,31.34 1 1
github.com/tflanaga/cycling-workout-editor/backend/internal/db/db.go:31.34,34.3 2 0
github.com/tflanaga/cycling-workout-editor/backend/internal/db/db.go:36.2,36.16 1 1
github.com/tflanaga/cycling-workout-editor/backend/internal/db/migrations.go:59.38,68.16 2 1
github.com/tflanaga/cycling-workout-editor/backend/internal/db/migrations.go:68.16,70.3 1 0
github.com/tflanaga/cycling-workout-editor/backend/internal/db/migrations.go:72.2,72.31 1 1
github.com/tflanaga/cycling-workout-editor/backend/internal/db/migrations.go:72.31,75.17 3 1
github.com/tflanaga/cycling-workout-editor/backend/internal/db/migrations.go:75.17,77.4 1 0
github.com/tflanaga/cycling-workout-editor/backend/internal/db/migrations.go:78.3,78.16 1 1
github.com/tflanaga/cycling-workout-editor/backend/internal/db/migrations.go:78.16,79.12 1 1
github.com/tflanaga/cycling-workout-editor/backend/internal/db/migrations.go:82.3,85.17 3 1
github.com/tflanaga/cycling-workout-editor/backend/internal/db/migrations.go:85.17,87.4 1 0
github.com/tflanaga/cycling-workout-editor/backend/internal/db/migrations.go:89.3,89.43 1 1
github.com/tflanaga/cycling-workout-editor/backend/internal/db/migrations.go:89.43,92.4 2 0
github.com/tflanaga/cycling-workout-editor/backend/internal/db/migrations.go:94.3,97.17 1 1
github.com/tflanaga/cycling-workout-editor/backend/internal/db/migrations.go:97.17,100.4 2 0
github.com/tflanaga/cycling-workout-editor/backend/internal/db/migrations.go:102.3,102.37 1 1
github.com/tflanaga/cycling-workout-editor/backend/internal/db/migrations.go:102.37,104.4 1 0
github.com/tflanaga/cycling-workout-editor/backend/internal/db/migrations.go:106.3,106.61 1 1
github.com/tflanaga/cycling-workout-editor/backend/internal/db/migrations.go:109.2,109.12 1 1
github.com/tflanaga/cycling-workout-editor/backend/internal/auth/jwt.go:22.69,27.2 1 1
github.com/tflanaga/cycling-workout-editor/backend/internal/auth/jwt.go:30.67,42.16 5 1
github.com/tflanaga/cycling-workout-editor/backend/internal/auth/jwt.go:42.16,44.3 1 0
github.com/tflanaga/cycling-workout-editor/backend/internal/auth/jwt.go:45.2,45.20 1 1
github.com/tflanaga/cycling-workout-editor/backend/internal/auth/jwt.go:50.73,51.104 1 1
github.com/tflanaga/cycling-workout-editor/backend/internal/auth/jwt.go:51.104,52.58 1 1
github.com/tflanaga/cycling-workout-editor/backend/internal/auth/jwt.go:52.58,54.4 1 1
github.com/tflanaga/cycling-workout-editor/backend/internal/auth/jwt.go:55.3,55.23 1 1
github.com/tflanaga/cycling-workout-editor/backend/internal/auth/jwt.go:57.2,57.16 1 1
github.com/tflanaga/cycling-workout-editor/backend/internal/auth/jwt.go:57.16,59.3 1 1
github.com/tflanaga/cycling-workout-editor/backend/internal/auth/jwt.go:61.2,62.25 2 1
github.com/tflanaga/cycling-workout-editor/backend/internal/auth/jwt.go:62.25,64.3 1 0
github.com/tflanaga/cycling-workout-editor/backend/internal/auth/jwt.go:66.2,66.20 1 1
github.com/tflanaga/cycling-workout-editor/backend/internal/handlers/ftp.go:14.73,16.18 2 1
github.com/tflanaga/cycling-workout-editor/backend/internal/handlers/ftp.go:16.18,19.3 2 1
github.com/tflanaga/cycling-workout-editor/backend/internal/handlers/ftp.go:21.2,22.16 2 1
github.com/tflanaga/cycling-workout-editor/backend/internal/handlers/ftp.go:22.16,25.3 2 1
github.com/tflanaga/cycling-workout-editor/backend/internal/handlers/ftp.go:27.2,27.20 1 1
github.com/tflanaga/cycling-workout-editor/backend/internal/handlers/ftp.go:27.20,29.3 1 1
github.com/tflanaga/cycling-workout-editor/backend/internal/handlers/ftp.go:31.2,31.40 1 1
github.com/tflanaga/cycling-workout-editor/backend/internal/handlers/ftp.go:35.73,37.18 2 1
github.com/tflanaga/cycling-workout-editor/backend/internal/handlers/ftp.go:37.18,40.3 2 1
github.com/tflanaga/cycling-workout-editor/backend/internal/handlers/ftp.go:42.2,43.61 2 1
github.com/tflanaga/cycling-workout-editor/backend/internal/handlers/ftp.go:43.61,46.3 2 1
github.com/tflanaga/cycling-workout-editor/backend/internal/handlers/ftp.go:48.2,48.35 1 1
github.com/tflanaga/cycling-workout-editor/backend/internal/handlers/ftp.go:48.35,51.3 2 1
github.com/tflanaga/cycling-workout-editor/backend/internal/handlers/ftp.go:52.2,52.26 1 1
github.com/tflanaga/cycling-workout-editor/backend/internal/handlers/ftp.go:52.26,55.3 2 1
github.com/tflanaga/cycling-workout-editor/backend/internal/handlers/ftp.go:57.2,65.68 2 1
github.com/tflanaga/cycling-workout-editor/backend/internal/handlers/ftp.go:65.68,68.3 2 1
github.com/tflanaga/cycling-workout-editor/backend/internal/handlers/ftp.go:70.2,70.43 1 1
github.com/tflanaga/cycling-workout-editor/backend/internal/handlers/ftp.go:75.71,77.18 2 1
github.com/tflanaga/cycling-workout-editor/backend/internal/handlers/ftp.go:77.18,80.3 2 1
github.com/tflanaga/cycling-workout-editor/backend/internal/handlers/ftp.go:82.2,83.61 2 1
github.com/tflanaga/cycling-workout-editor/backend/internal/handlers/ftp.go:83.61,86.3 2 1
github.com/tflanaga/cycling-workout-editor/backend/internal/handlers/ftp.go:88.2,88.27 1 1
github.com/tflanaga/cycling-workout-editor/backend/internal/handlers/ftp.go:88.27,91.3 2 1
github.com/tflanaga/cycling-workout-editor/backend/internal/handlers/ftp.go:93.2,100.17 3 1
github.com/tflanaga/cycling-workout-editor/backend/internal/handlers/ftp.go:100.17,109.29 2 1
github.com/tflanaga/cycling-workout-editor/backend/internal/handlers/ftp.go:109.29,111.4 1 1
github.com/tflanaga/cycling-workout-editor/backend/internal/handlers/ftp.go:113.3,113.69 1 1
github.com/tflanaga/cycling-workout-editor/backend/internal/handlers/ftp.go:113.69,116.4 2 1
github.com/tflanaga/cycling-workout-editor/backend/internal/handlers/ftp.go:119.3,120.32 2 1
github.com/tflanaga/cycling-workout-editor/backend/internal/handlers/ftp.go:120.32,123.4 2 1
github.com/tflanaga/cycling-workout-editor/backend/internal/handlers/ftp.go:124.3,125.62 2 1
github.com/tflanaga/cycling-workout-editor/backend/internal/handlers/ftp.go:125.62,128.4 2 0
github.com/tflanaga/cycling-workout-editor/backend/internal/handlers/ftp.go:130.3,130.24 1 1
github.com/tflanaga/cycling-workout-editor/backend/internal/handlers/ftp.go:133.2,133.37 1 1
github.com/tflanaga/cycling-workout-editor/backend/internal/handlers/handlers.go:30.12,39.2 1 1
github.com/tflanaga/cycling-workout-editor/backend/internal/handlers/handlers.go:42.71,45.17 3 1
github.com/tflanaga/cycling-workout-editor/backend/internal/handlers/handlers.go:45.17,47.3 1 1
github.com/tflanaga/cycling-workout-editor/backend/internal/handlers/handlers.go:51.66,53.2 1 1
github.com/tflanaga/cycling-workout-editor/backend/internal/handlers/health.go:8.67,10.2 1 1
github.com/tflanaga/cycling-workout-editor/backend/internal/handlers/oauth.go:34.96,36.16 2 0
github.com/tflanaga/cycling-workout-editor/backend/internal/handlers/oauth.go:36.16,38.3 1 0
github.com/tflanaga/cycling-workout-editor/backend/internal/handlers/oauth.go:39.2,42.16 3 0
github.com/tflanaga/cycling-workout-editor/backend/internal/handlers/oauth.go:42.16,44.3 1 0
github.com/tflanaga/cycling-workout-editor/backend/internal/handlers/oauth.go:46.2,47.52 2 0
github.com/tflanaga/cycling-workout-editor/backend/internal/handlers/oauth.go:47.52,49.3 1 0
github.com/tflanaga/cycling-workout-editor/backend/internal/handlers/oauth.go:50.2,50.19 1 0
github.com/tflanaga/cycling-workout-editor/backend/internal/handlers/oauth.go:54.57,56.2 1 1
github.com/tflanaga/cycling-workout-editor/backend/internal/handlers/oauth.go:59.56,60.30 1 1
github.com/tflanaga/cycling-workout-editor/backend/internal/handlers/oauth.go:60.30,62.3 1 1
github.com/tflanaga/cycling-workout-editor/backend/internal/handlers/oauth.go:63.2,63.31 1 0
github.com/tflanaga/cycling-workout-editor/backend/internal/handlers/oauth.go:72.71,78.2 2 1
github.com/tflanaga/cycling-workout-editor/backend/internal/handlers/oauth.go:81.74,83.16 2 1
github.com/tflanaga/cycling-workout-editor/backend/internal/handlers/oauth.go:83.16,86.3 2 1
github.com/tflanaga/cycling-workout-editor/backend/internal/handlers/oauth.go:88.2,89.16 2 1
github.com/tflanaga/cycling-workout-editor/backend/internal/handlers/oauth.go:89.16,92.3 2 1
github.com/tflanaga/cycling-workout-editor/backend/internal/handlers/oauth.go:94.2,97.16 4 1
github.com/tflanaga/cycling-workout-editor/backend/internal/handlers/oauth.go:97.16,100.3 2 1
github.com/tflanaga/cycling-workout-editor/backend/internal/handlers/oauth.go:103.2,104.16 2 1
github.com/tflanaga/cycling-workout-editor/backend/internal/handlers/oauth.go:104.16,107.3 2 1
github.com/tflanaga/cycling-workout-editor/backend/internal/handlers/oauth.go:109.2,109.17 1 1
github.com/tflanaga/cycling-workout-editor/backend/internal/handlers/oauth.go:109.17,117.62 2 1
github.com/tflanaga/cycling-workout-editor/backend/internal/handlers/oauth.go:117.62,120.4 2 1
github.com/tflanaga/cycling-workout-editor/backend/internal/handlers/oauth.go:121.8,125.62 3 1
github.com/tflanaga/cycling-workout-editor/backend/internal/handlers/oauth.go:125.62,128.4 2 1
github.com/tflanaga/cycling-workout-editor/backend/internal/handlers/oauth.go:132.2,133.16 2 1
github.com/tflanaga/cycling-workout-editor/backend/internal/handlers/oauth.go:133.16,136.3 2 0
github.com/tflanaga/cycling-workout-editor/backend/internal/handlers/oauth.go:139.2,140.64 2 1
github.com/tflanaga/cycling-workout-editor/backend/internal/handlers/profile.go:12.70,14.18 2 1
github.com/tflanaga/cycling-workout-editor/backend/internal/handlers/profile.go:14.18,17.3 2 1
github.com/tflanaga/cycling-workout-editor/backend/internal/handlers/profile.go:19.2,20.16 2 1
github.com/tflanaga/cycling-workout-editor/backend/internal/handlers/profile.go:20.16,23.3 2 1
github.com/tflanaga/cycling-workout-editor/backend/internal/handlers/profile.go:24.2,24.17 1 1
github.com/tflanaga/cycling-workout-editor/backend/internal/handlers/profile.go:24.17,27.3 2 1
github.com/tflanaga/cycling-workout-editor/backend/internal/handlers/profile.go:29.2,29.37 1 1
github.com/tflanaga/cycling-workout-editor/backend/internal/handlers/profile.go:33.73,35.18 2 1
github.com/tflanaga/cycling-workout-editor/backend/internal/handlers/profile.go:35.18,38.3 2 1
github.com/tflanaga/cycling-workout-editor/backend/internal/handlers/profile.go:40.2,41.61 2 1
github.com/tflanaga/cycling-workout-editor/backend/internal/handlers/profile.go:41.61,44.3 2 1
github.com/tflanaga/cycling-workout-editor/backend/internal/handlers/profile.go:46.2,47.16 2 1
github.com/tflanaga/cycling-workout-editor/backend/internal/handlers/profile.go:47.16,50.3 2 1
github.com/tflanaga/cycling-workout-editor/backend/internal/handlers/profile.go:51.2,51.17 1 1
github.com/tflanaga/cycling-workout-editor/backend/internal/handlers/profile.go:51.17,54.3 2 1
github.com/tflanaga/cycling-workout-editor/backend/internal/handlers/profile.go:56.2,56.28 1 1
github.com/tflanaga/cycling-workout-editor/backend/internal/handlers/profile.go:56.28,57.29 1 1
github.com/tflanaga/cycling-workout-editor/backend/internal/handlers/profile.go:57.29,60.4 2 1
github.com/tflanaga/cycling-workout-editor/backend/internal/handlers/profile.go:61.3,61.38 1 1
github.com/tflanaga/cycling-workout-editor/backend/internal/handlers/profile.go:63.2,63.20 1 1
github.com/tflanaga/cycling-workout-editor/backend/internal/handlers/profile.go:63.20,64.38 1 1
github.com/tflanaga/cycling-workout-editor/backend/internal/handlers/profile.go:64.38,67.4 2 1
github.com/tflanaga/cycling-workout-editor/backend/internal/handlers/profile.go:68.3,68.22 1 1
github.com/tflanaga/cycling-workout-editor/backend/internal/handlers/profile.go:71.2,71.61 1 1
github.com/tflanaga/cycling-workout-editor/backend/internal/handlers/profile.go:71.61,74.3 2 1
github.com/tflanaga/cycling-workout-editor/backend/internal/handlers/profile.go:76.2,76.37 1 1
github.com/tflanaga/cycling-workout-editor/backend/internal/handlers/workouts.go:14.73,16.18 2 1
github.com/tflanaga/cycling-workout-editor/backend/internal/handlers/workouts.go:16.18,19.3 2 1
github.com/tflanaga/cycling-workout-editor/backend/internal/handlers/workouts.go:21.2,22.61 2 1
github.com/tflanaga/cycling-workout-editor/backend/internal/handlers/workouts.go:22.61,25.3 2 1
github.com/tflanaga/cycling-workout-editor/backend/internal/handlers/workouts.go:27.2,27.20 1 1
github.com/tflanaga/cycling-workout-editor/backend/internal/handlers/workouts.go:27.20,29.3 1 1
github.com/tflanaga/cycling-workout-editor/backend/internal/handlers/workouts.go:30.2,30.26 1 1
github.com/tflanaga/cycling-workout-editor/backend/internal/handlers/workouts.go:30.26,32.3 1 1
github.com/tflanaga/cycling-workout-editor/backend/internal/handlers/workouts.go:34.2,42.67 2 1
github.com/tflanaga/cycling-workout-editor/backend/internal/handlers/workouts.go:42.67,45.3 2 1
github.com/tflanaga/cycling-workout-editor/backend/internal/handlers/workouts.go:47.2,47.45 1 1
github.com/tflanaga/cycling-workout-editor/backend/internal/handlers/workouts.go:51.70,53.18 2 1
github.com/tflanaga/cycling-workout-editor/backend/internal/handlers/workouts.go:53.18,56.3 2 1
github.com/tflanaga/cycling-workout-editor/backend/internal/handlers/workouts.go:58.2,59.21 2 1
github.com/tflanaga/cycling-workout-editor/backend/internal/handlers/workouts.go:59.21,62.3 2 0
github.com/tflanaga/cycling-workout-editor/backend/internal/handlers/workouts.go:64.2,65.16 2 1
github.com/tflanaga/cycling-workout-editor/backend/internal/handlers/workouts.go:65.16,68.3 2 1
github.com/tflanaga/cycling-workout-editor/backend/internal/handlers/workouts.go:69.2,69.20 1 1
github.com/tflanaga/cycling-workout-editor/backend/internal/handlers/workouts.go:69.20,72.3 2 1
github.com/tflanaga/cycling-workout-editor/backend/internal/handlers/workouts.go:74.2,74.40 1 1
github.com/tflanaga/cycling-workout-editor/backend/internal/handlers/workouts.go:78.73,80.18 2 1
github.com/tflanaga/cycling-workout-editor/backend/internal/handlers/workouts.go:80.18,83.3 2 1
github.com/tflanaga/cycling-workout-editor/backend/internal/handlers/workouts.go:85.2,86.21 2 1
github.com/tflanaga/cycling-workout-editor/backend/internal/handlers/workouts.go:86.21,89.3 2 0
github.com/tflanaga/cycling-workout-editor/backend/internal/handlers/workouts.go:91.2,92.16 2 1
github.com/tflanaga/cycling-workout-editor/backend/internal/handlers/workouts.go:92.16,95.3 2 1
github.com/tflanaga/cycling-workout-editor/backend/internal/handlers/workouts.go:96.2,96.20 1 1
github.com/tflanaga/cycling-workout-editor/backend/internal/handlers/workouts.go:96.20,99.3 2 1
github.com/tflanaga/cycling-workout-editor/backend/internal/handlers/workouts.go:101.2,102.61 2 1
github.com/tflanaga/cycling-workout-editor/backend/internal/handlers/workouts.go:102.61,105.3 2 1
github.com/tflanaga/cycling-workout-editor/backend/internal/handlers/workouts.go:107.2,107.21 1 1
github.com/tflanaga/cycling-workout-editor/backend/internal/handlers/workouts.go:107.21,109.3 1 1
github.com/tflanaga/cycling-workout-editor/backend/internal/handlers/workouts.go:110.2,110.28 1 1
github.com/tflanaga/cycling-workout-editor/backend/internal/handlers/workouts.go:110.28,112.3 1 0
github.com/tflanaga/cycling-workout-editor/backend/internal/handlers/workouts.go:113.2,113.26 1 1
github.com/tflanaga/cycling-workout-editor/backend/internal/handlers/workouts.go:113.26,115.3 1 1
github.com/tflanaga/cycling-workout-editor/backend/internal/handlers/workouts.go:117.2,117.67 1 1
github.com/tflanaga/cycling-workout-editor/backend/internal/handlers/workouts.go:117.67,120.3 2 1
github.com/tflanaga/cycling-workout-editor/backend/internal/handlers/workouts.go:122.2,122.40 1 1
github.com/tflanaga/cycling-workout-editor/backend/internal/models/models.go:62.51,64.16 2 1
github.com/tflanaga/cycling-workout-editor/backend/internal/models/models.go:64.16,66.3 1 0
github.com/tflanaga/cycling-workout-editor/backend/internal/models/models.go:67.2,67.23 1 1
github.com/tflanaga/cycling-workout-editor/backend/internal/models/models.go:71.53,73.2 1 1
github.com/tflanaga/cycling-workout-editor/backend/internal/repository/sqlite.go:26.52,28.2 1 1
github.com/tflanaga/cycling-workout-editor/backend/internal/repository/sqlite.go:30.88,36.26 3 1
github.com/tflanaga/cycling-workout-editor/backend/internal/repository/sqlite.go:36.26,38.3 1 1
github.com/tflanaga/cycling-workout-editor/backend/internal/repository/sqlite.go:39.2,39.16 1 1
github.com/tflanaga/cycling-workout-editor/backend/internal/repository/sqlite.go:39.16,41.3 1 0
github.com/tflanaga/cycling-workout-editor/backend/internal/repository/sqlite.go:42.2,42.15 1 1
github.com/tflanaga/cycling-workout-editor/backend/internal/repository/sqlite.go:45.100,51.26 3 1
github.com/tflanaga/cycling-workout-editor/backend/internal/repository/sqlite.go:51.26,53.3 1 1
github.com/tflanaga/cycling-workout-editor/backend/internal/repository/sqlite.go:54.2,54.16 1 1
github.com/tflanaga/cycling-workout-editor/backend/internal/repository/sqlite.go:54.16,56.3 1 0
github.com/tflanaga/cycling-workout-editor/backend/internal/repository/sqlite.go:57.2,57.15 1 1
github.com/tflanaga/cycling-workout-editor/backend/internal/repository/sqlite.go:60.79,69.16 5 1
github.com/tflanaga/cycling-workout-editor/backend/internal/repository/sqlite.go:69.16,71.3 1 1
github.com/tflanaga/cycling-workout-editor/backend/internal/repository/sqlite.go:72.2,72.12 1 1
github.com/tflanaga/cycling-workout-editor/backend/internal/repository/sqlite.go:75.79,81.16 3 1
github.com/tflanaga/cycling-workout-editor/backend/internal/repository/sqlite.go:81.16,83.3 1 0
github.com/tflanaga/cycling-workout-editor/backend/internal/repository/sqlite.go:84.2,84.12 1 1
github.com/tflanaga/cycling-workout-editor/backend/internal/repository/sqlite.go:93.64,95.2 1 1
github.com/tflanaga/cycling-workout-editor/backend/internal/repository/sqlite.go:97.102,102.16 2 1
github.com/tflanaga/cycling-workout-editor/backend/internal/repository/sqlite.go:102.16,104.3 1 0
github.com/tflanaga/cycling-workout-editor/backend/internal/repository/sqlite.go:105.2,108.18 3 1
github.com/tflanaga/cycling-workout-editor/backend/internal/repository/sqlite.go:108.18,111.99 3 1
github.com/tflanaga/cycling-workout-editor/backend/internal/repository/sqlite.go:111.99,113.4 1 0
github.com/tflanaga/cycling-workout-editor/backend/internal/repository/sqlite.go:114.3,114.19 1 1
github.com/tflanaga/cycling-workout-editor/backend/internal/repository/sqlite.go:114.19,116.4 1 1
github.com/tflanaga/cycling-workout-editor/backend/internal/repository/sqlite.go:117.3,117.31 1 1
github.com/tflanaga/cycling-workout-editor/backend/internal/repository/sqlite.go:119.2,119.35 1 1
github.com/tflanaga/cycling-workout-editor/backend/internal/repository/sqlite.go:119.35,121.3 1 0
github.com/tflanaga/cycling-workout-editor/backend/internal/repository/sqlite.go:122.2,122.21 1 1
github.com/tflanaga/cycling-workout-editor/backend/internal/repository/sqlite.go:125.92,132.16 3 1
github.com/tflanaga/cycling-workout-editor/backend/internal/repository/sqlite.go:132.16,134.3 1 0
github.com/tflanaga/cycling-workout-editor/backend/internal/repository/sqlite.go:135.2,135.12 1 1
github.com/tflanaga/cycling-workout-editor/backend/internal/repository/sqlite.go:144.58,146.2 1 1
github.com/tflanaga/cycling-workout-editor/backend/internal/repository/sqlite.go:148.109,156.26 5 1
github.com/tflanaga/cycling-workout-editor/backend/internal/repository/sqlite.go:156.26,158.3 1 1
github.com/tflanaga/cycling-workout-editor/backend/internal/repository/sqlite.go:159.2,159.16 1 1
github.com/tflanaga/cycling-workout-editor/backend/internal/repository/sqlite.go:159.16,161.3 1 0
github.com/tflanaga/cycling-workout-editor/backend/internal/repository/sqlite.go:163.2,163.22 1 1
github.com/tflanaga/cycling-workout-editor/backend/internal/repository/sqlite.go:163.22,165.3 1 1
github.com/tflanaga/cycling-workout-editor/backend/internal/repository/sqlite.go:167.2,167.76 1 1
github.com/tflanaga/cycling-workout-editor/backend/internal/repository/sqlite.go:167.76,169.3 1 0
github.com/tflanaga/cycling-workout-editor/backend/internal/repository/sqlite.go:171.2,171.15 1 1
github.com/tflanaga/cycling-workout-editor/backend/internal/repository/sqlite.go:174.88,180.16 5 1
github.com/tflanaga/cycling-workout-editor/backend/internal/repository/sqlite.go:180.16,182.3 1 0
github.com/tflanaga/cycling-workout-editor/backend/internal/repository/sqlite.go:184.2,185.31 2 1
github.com/tflanaga/cycling-workout-editor/backend/internal/repository/sqlite.go:185.31,187.3 1 1
github.com/tflanaga/cycling-workout-editor/backend/internal/repository/sqlite.go:189.2,195.16 2 1
github.com/tflanaga/cycling-workout-editor/backend/internal/repository/sqlite.go:195.16,197.3 1 0
github.com/tflanaga/cycling-workout-editor/backend/internal/repository/sqlite.go:198.2,198.12 1 1
github.com/tflanaga/cycling-workout-editor/backend/internal/repository/sqlite.go:201.88,205.16 3 1
github.com/tflanaga/cycling-workout-editor/backend/internal/repository/sqlite.go:205.16,207.3 1 0
github.com/tflanaga/cycling-workout-editor/backend/internal/repository/sqlite.go:209.2,215.16 2 1
github.com/tflanaga/cycling-workout-editor/backend/internal/repository/sqlite.go:215.16,217.3 1 0
github.com/tflanaga/cycling-workout-editor/backend/internal/repository/sqlite.go:218.2,218.12 1 1
github.com/tflanaga/cycling-workout-editor/backend/internal/middleware/auth.go:22.44,23.48 1 1
github.com/tflanaga/cycling-workout-editor/backend/internal/middleware/auth.go:23.48,25.3 1 1
github.com/tflanaga/cycling-workout-editor/backend/internal/middleware/auth.go:26.2,26.11 1 1
github.com/tflanaga/cycling-workout-editor/backend/internal/middleware/auth.go:31.75,32.46 1 1
github.com/tflanaga/cycling-workout-editor/backend/internal/middleware/auth.go:32.46,33.72 1 1
github.com/tflanaga/cycling-workout-editor/backend/internal/middleware/auth.go:33.72,35.24 2 1
github.com/tflanaga/cycling-workout-editor/backend/internal/middleware/auth.go:35.24,38.5 2 1
github.com/tflanaga/cycling-workout-editor/backend/internal/middleware/auth.go:40.4,41.65 2 1
github.com/tflanaga/cycling-workout-editor/backend/internal/middleware/auth.go:41.65,44.5 2 1
github.com/tflanaga/cycling-workout-editor/backend/internal/middleware/auth.go:46.4,48.18 3 1
github.com/tflanaga/cycling-workout-editor/backend/internal/middleware/auth.go:48.18,51.5 2 1
github.com/tflanaga/cycling-workout-editor/backend/internal/middleware/auth.go:53.4,54.41 2 1
github.com/tflanaga/cycling-workout-editor/backend/internal/middleware/auth.go:59.64,63.2 3 1
